

@S |Clock Optimization Summary



#### START OF PREMAP CLOCK OPTIMIZATION REPORT #####[

0 non-gated/non-generated clock tree(s) driving 0 clock pin(s) of sequential element(s)
1 gated/generated clock tree(s) driving 20 clock pin(s) of sequential element(s)
0 instances converted, 20 sequential instances remain driven by gated/generated clocks

==================================================================== Gated/Generated Clocks ====================================================================
Clock Tree ID     Driving Element     Drive Element Type     Unconverted Fanout     Sample Instance                   Explanation                               
----------------------------------------------------------------------------------------------------------------------------------------------------------------
@KP:ckid0_0       OSCH_inst.OSC       OSCH                   20                     FreqDiv20Bit_inst.count[19:0]     Derived clock on input (not legal for GCC)
================================================================================================================================================================


##### END OF CLOCK OPTIMIZATION REPORT ######


Summary of user generated gated clocks:
0 user generated gated/generated clock tree(s) driving 0 clock pin(s) of sequential element(s)

