# Synopsys Constraint Checker, version maplat, Build 1682R, built Mar 10 2017
# Copyright (C) 1994-2017 Synopsys, Inc. This Synopsys software and all associated documentation are proprietary to Synopsys, Inc. and may only be used pursuant to the terms and conditions of a written license agreement with Synopsys, Inc. All other use, reproduction, modification, or distribution of the Synopsys software or the associated documentation is strictly prohibited.

# Written on Tue Mar 20 18:52:18 2018


##### DESIGN INFO #######################################################

Top View:                "Fipsy_Top"
Constraint File(s):      (none)




##### SUMMARY ############################################################

Found 0 issues in 0 out of 0 constraints


##### DETAILS ############################################################



Clock Relationships
*******************

Starting                           Ending                             |     rise to rise     |     fall to fall     |     rise to fall     |     fall to rise                     
---------------------------------------------------------------------------------------------------------------------------------------------------------------------------------
Fipsy_Top|PIN11_inferred_clock     Fipsy_Top|PIN11_inferred_clock     |     480.769          |     No paths         |     No paths         |     No paths                         
=================================================================================================================================================================================
 Note: 'No paths' indicates there are no paths in the design for that pair of clock edges.
       'Diff grp' indicates that paths exist but the starting clock and ending clock are in different clock groups.


Unconstrained Start/End Points
******************************

p:LEDn
p:PIN7
p:PIN8
p:PIN9
p:PIN10
p:PIN12
p:PIN13
p:PIN14
p:PIN17
p:PIN18
p:PIN19
p:PIN20


Inapplicable constraints
************************

(none)


Applicable constraints with issues
**********************************

(none)


Constraints with matching wildcard expressions
**********************************************

(none)


Library Report
**************


# End of Constraint Checker Report
