--------------------------------------------------------------------------------
Lattice Synthesis Timing Report, Version  
Wed Mar 14 15:16:22 2018

Copyright (c) 1991-1994 by NeoCAD Inc. All rights reserved.
Copyright (c) 1995 AT&T Corp.   All rights reserved.
Copyright (c) 1995-2001 Lucent Technologies Inc.  All rights reserved.
Copyright (c) 2001 Agere Systems   All rights reserved.
Copyright (c) 2002-2017 Lattice Semiconductor Corporation,  All rights reserved.

Report Information
------------------
Design:     MakeFPGA_Top
Constraint file:  
Report level:    verbose report, limited to 3 items per constraint
--------------------------------------------------------------------------------



================================================================================
Constraint: create_clock -period 1000.000000 -name clk0 [get_nets PIN11_c]
            956 items scored, 0 timing errors detected.
--------------------------------------------------------------------------------


Passed:  The following path meets requirements by 493.379ns

 Logical Details:  Cell type  Pin type       Cell name  (clock net +/-)

   Source:         FD1S3IX    CK             \TX0/TX0/bitc__i0  (from PIN11_c +)
   Destination:    FD1S3IX    CD             \TX0/TX0/next_state_i0  (to PIN11_c -)

   Delay:                   6.461ns  (29.8% logic, 70.2% route), 4 logic levels.

 Constraint Details:

      6.461ns data_path \TX0/TX0/bitc__i0 to \TX0/TX0/next_state_i0 meets
    500.000ns delay constraint less
      0.160ns L_S requirement (totaling 499.840ns) by 493.379ns

 Path Details: \TX0/TX0/bitc__i0 to \TX0/TX0/next_state_i0

   Name    Fanout   Delay (ns)          Pins               Resource(Cell.Net)
L_CO        ---     0.444             CK to Q              \TX0/TX0/bitc__i0 (from PIN11_c)
Route         6   e 1.515                                  bitc[0]
LUT4        ---     0.493              B to Z              \TX0/TX0/i559_3_lut
Route         1   e 0.941                                  \TX0/TX0/n713
LUT4        ---     0.493              D to Z              \TX0/TX0/i3_4_lut
Route         2   e 1.141                                  n461
LUT4        ---     0.493              B to Z              i133_3_lut
Route         1   e 0.941                                  n192
                  --------
                    6.461  (29.8% logic, 70.2% route), 4 logic levels.


Passed:  The following path meets requirements by 493.379ns

 Logical Details:  Cell type  Pin type       Cell name  (clock net +/-)

   Source:         FD1S3IX    CK             \TX0/TX0/bitc__i0  (from PIN11_c +)
   Destination:    FD1S3AX    D              \TX0/TX0/next_state_i1  (to PIN11_c -)

   Delay:                   6.461ns  (29.8% logic, 70.2% route), 4 logic levels.

 Constraint Details:

      6.461ns data_path \TX0/TX0/bitc__i0 to \TX0/TX0/next_state_i1 meets
    500.000ns delay constraint less
      0.160ns L_S requirement (totaling 499.840ns) by 493.379ns

 Path Details: \TX0/TX0/bitc__i0 to \TX0/TX0/next_state_i1

   Name    Fanout   Delay (ns)          Pins               Resource(Cell.Net)
L_CO        ---     0.444             CK to Q              \TX0/TX0/bitc__i0 (from PIN11_c)
Route         6   e 1.515                                  bitc[0]
LUT4        ---     0.493              B to Z              \TX0/TX0/i559_3_lut
Route         1   e 0.941                                  \TX0/TX0/n713
LUT4        ---     0.493              D to Z              \TX0/TX0/i3_4_lut
Route         2   e 1.141                                  n461
LUT4        ---     0.493              B to Z              \TX0/TX0/i495_3_lut
Route         1   e 0.941                                  \TX0/TX0/next_state_1__N_111[1]
                  --------
                    6.461  (29.8% logic, 70.2% route), 4 logic levels.


Passed:  The following path meets requirements by 493.432ns

 Logical Details:  Cell type  Pin type       Cell name  (clock net +/-)

   Source:         FD1P3IX    CK             \TX0/TX0/bitc__i1  (from PIN11_c +)
   Destination:    FD1S3IX    CD             \TX0/TX0/next_state_i0  (to PIN11_c -)

   Delay:                   6.408ns  (30.0% logic, 70.0% route), 4 logic levels.

 Constraint Details:

      6.408ns data_path \TX0/TX0/bitc__i1 to \TX0/TX0/next_state_i0 meets
    500.000ns delay constraint less
      0.160ns L_S requirement (totaling 499.840ns) by 493.432ns

 Path Details: \TX0/TX0/bitc__i1 to \TX0/TX0/next_state_i0

   Name    Fanout   Delay (ns)          Pins               Resource(Cell.Net)
L_CO        ---     0.444             CK to Q              \TX0/TX0/bitc__i1 (from PIN11_c)
Route         5   e 1.462                                  \TX0/TX0/bitc[1]
LUT4        ---     0.493              A to Z              \TX0/TX0/i559_3_lut
Route         1   e 0.941                                  \TX0/TX0/n713
LUT4        ---     0.493              D to Z              \TX0/TX0/i3_4_lut
Route         2   e 1.141                                  n461
LUT4        ---     0.493              B to Z              i133_3_lut
Route         1   e 0.941                                  n192
                  --------
                    6.408  (30.0% logic, 70.0% route), 4 logic levels.

Report: 6.621 ns is the maximum delay for this constraint.


Timing Report Summary
--------------
--------------------------------------------------------------------------------
Constraint                              |   Constraint|       Actual|Levels
--------------------------------------------------------------------------------
                                        |             |             |
create_clock -period 1000.000000 -name  |             |             |
clk0 [get_nets PIN11_c]                 |  1000.000 ns|    13.242 ns|     4  
                                        |             |             |
--------------------------------------------------------------------------------


All constraints were met.



Timing summary:
---------------

Timing errors: 0  Score: 0

Constraints cover  956 paths, 214 nets, and 510 connections (95.5% coverage)


Peak memory: 55672832 bytes, TRCE: 2129920 bytes, DLYMAN: 0 bytes
CPU_TIME_REPORT: 0 secs 
